
================================================================================
  AIR QUALITY API - ENDPOINTS TEST SUITE
================================================================================

Base URL: http://127.0.0.1:8000
Time: 2025-12-02 18:19:07

================================================================================
  TEST 1: Health Check Endpoint
================================================================================
Status Code: 200
Response:
{
  "status": "ok",
  "service": "AirQuality Multi-Target API",
  "available_targets": [
    "pm2_5",
    "pm10",
    "ozone",
    "nitrogen_dioxide"
  ],
  "available_horizons": [
    1,
    12,
    24,
    72,
    168
  ]
}

================================================================================
  TEST 2: Available Targets Endpoint
================================================================================
Status Code: 200
Response:
{
  "available_targets": [
    "pm2_5",
    "pm10",
    "ozone",
    "nitrogen_dioxide"
  ],
  "descriptions": {
    "pm2_5": "Fine Particulate Matter (\u22642.5 \u03bcm)",
    "pm10": "Coarse Particulate Matter (\u226410 \u03bcm)",
    "ozone": "Ground-level Ozone (O\u2083)",
    "nitrogen_dioxide": "Nitrogen Dioxide (NO\u2082)"
  }
}

================================================================================
  TEST 3: Average R2 Metrics Endpoint
================================================================================

­ƒôè Testing R2 for pm2_5:
Status Code: 200
Ô£à Average R2: 0.7833
   Models Count: 3

­ƒôè Testing R2 for pm10:
Status Code: 404
Response: {"detail":"Metrics not found for pm10. Please train the model first."}

­ƒôè Testing R2 for ozone:
Status Code: 404
Response: {"detail":"Metrics not found for ozone. Please train the model first."}

­ƒôè Testing R2 for nitrogen_dioxide:
Status Code: 404
Response: {"detail":"Metrics not found for nitrogen_dioxide. Please train the model first."}

================================================================================
  TEST 4: 5-Horizons Prediction Endpoint
================================================================================
Target: pm2_5
Status Code: 200

Ô£à Predictions for pm2_5:
   Input Time: 2025-07-01T12:00:00
   Unit: ╬╝g/m┬│

   Horizons:
     1h: 17.86 at 2025-07-01T13:00:00
     12h: 27.2 at 2025-07-02T00:00:00
     24h: 22.12 at 2025-07-02T12:00:00
     72h: 14.64 at 2025-07-04T12:00:00
     168h: 13.88 at 2025-07-08T12:00:00

================================================================================
  TEST 5: Risk Classification Endpoint
================================================================================

­ƒº¬ Testing Low Risk (PM2.5 = 15.5):
   Status Code: 200
   Ô£à Predicted Value: 30.2 ╬╝g/m┬│
   Ô£à Risk Level: Low
   Ô£à Message: Air quality is good. Enjoy your outdoor activities.

­ƒº¬ Testing Medium Risk (PM2.5 = 45.0):
   Status Code: 200
   Ô£à Predicted Value: 30.2 ╬╝g/m┬│
   Ô£à Risk Level: Low
   Ô£à Message: Air quality is good. Enjoy your outdoor activities.

­ƒº¬ Testing High Risk (PM2.5 = 60.0):
   Status Code: 200
   Ô£à Predicted Value: 30.2 ╬╝g/m┬│
   Ô£à Risk Level: Low
   Ô£à Message: Air quality is good. Enjoy your outdoor activities.

================================================================================
  TEST 6: Standard Prediction Endpoint
================================================================================
Target: pm2_5
Custom Horizons: 1,24,72
Status Code: 200

Ô£à Predictions:
   1h: 17.86 at 2025-07-01T13:00:00
   24h: 22.12 at 2025-07-02T12:00:00
   72h: 14.64 at 2025-07-04T12:00:00

================================================================================
  TEST SUMMARY
================================================================================
[PASS] - Health Check
[PASS] - Available Targets
[PASS] - R2 Metrics
[PASS] - 5-Horizons Prediction
[PASS] - Risk Classification
[PASS] - Standard Prediction

================================================================================
Total: 6/6 tests passed
================================================================================

